21:52:32 (lmgrd) TIMESTAMP 10/21/2014
12:18:52 (armlmd) OUT: "compiler5_pack" jenkins@bf-slave02  
12:18:52 (armlmd) OUT: "compiler5" jenkins@bf-slave02  
12:18:52 (armlmd) IN: "compiler5" jenkins@bf-slave02  
12:18:52 (armlmd) IN: "compiler5_pack" jenkins@bf-slave02  
12:18:52 (armlmd) OUT: "compiler5_pack" jenkins@bf-slave02  
12:18:52 (armlmd) OUT: "compiler5" jenkins@bf-slave02  
12:18:52 (armlmd) IN: "compiler5" jenkins@bf-slave02  
12:18:52 (armlmd) IN: "compiler5_pack" jenkins@bf-slave02  
12:18:52 (armlmd) OUT: "compiler5_pack" jenkins@bf-slave02  
12:18:52 (armlmd) OUT: "compiler5" jenkins@bf-slave02  
12:18:52 (armlmd) IN: "compiler5" jenkins@bf-slave02  
12:18:52 (armlmd) IN: "compiler5_pack" jenkins@bf-slave02  
12:18:53 (armlmd) OUT: "compiler5_pack" jenkins@bf-slave02  
12:18:53 (armlmd) OUT: "compiler5" jenkins@bf-slave02  
12:18:53 (armlmd) IN: "compiler5" jenkins@bf-slave02  
12:18:53 (armlmd) IN: "compiler5_pack" jenkins@bf-slave02  
12:18:53 (armlmd) OUT: "compiler5_pack" jenkins@bf-slave02  
12:18:52 (armlmd) IN: "armasm5" jenkins@bf-slave02  
12:18:52 (armlmd) IN: "armasm5_pack" jenkins@bf-slave02  
12:18:52 (armlmd) OUT: "compiler5_pack" jenkins@bf-slave02  
12:18:52 (armlmd) OUT: "compiler5" jenkins@bf-slave02  
12:18:52 (armlmd) IN: "compiler5" jenkins@bf-slave02  
12:18:52 (armlmd) IN: "compiler5_pack" jenkins@bf-slave02  
12:18:52 (armlmd) OUT: "compiler5_pack" jenkins@bf-slave02  
12:18:52 (armlmd) OUT: "compiler5" jenkins@bf-slave02  
12:18:52 (armlmd) IN: "compiler5" jenkins@bf-slave02  
12:18:52 (armlmd) IN: "compiler5_pack" jenkins@bf-slave02  
12:18:52 (armlmd) OUT: "compiler5_pack" jenkins@bf-slave02  
12:18:52 (armlmd) OUT: "compiler5" jenkins@bf-slave02  
12:18:52 (armlmd) IN: "compiler5" jenkins@bf-slave02  
21:52:32 (lmgrd) TIMESTAMP 10/22/2014
12:18:52 (armlmd) IN: "compiler5_pack" jenkins@bf-slave02  
12:18:53 (armlmd) OUT: "compiler5_pack" jenkins@bf-slave02  
12:18:53 (armlmd) OUT: "compiler5" jenkins@bf-slave02  
12:18:53 (armlmd) IN: "compiler5" jenkins@bf-slave02  
12:18:53 (armlmd) IN: "compiler5_pack" jenkins@bf-slave02  
12:18:53 (armlmd) OUT: "compiler5_pack" jenkins@bf-slave02  
12:18:52 (armlmd) IN: "compiler5_pack" jenkins@bf-slave02  
21:52:32 (lmgrd) TIMESTAMP 10/23/2014
